---
source: crates/beck-cli/tests/ui.rs
expression: "render(&edited(\"class=[\\\"flex\\\", \\\"gap-2\\\", \\\"items-baseline\\\", done_class(t)]\",\n\"cls=[\\\"flex\\\", \\\"gap-2\\\", \\\"items-baseline\\\", done_class(t)]\"))"
---
error[B0218]: `cls` is not an HTML attribute
  --> t.beck:113:34
    |
113 |                     li(key=t.id, cls=["flex", "gap-2", "items-baseline", done_class(t)]):
    |                                  ^^^^^^^^^^^^^^^^^^^^^^^^^^^^^^^^^^^^^^^^^^^^^^^^^^^^^^ `li` would carry this to the browser, which ignores it
    |
  = note: an attribute of your own is spelled `data_…`, which is HTML's own extension point and reaches the page as `data-…`
  = help: did you mean `class`?
