---
source: crates/beck-cli/tests/ui.rs
expression: "render(&edited(\"    Toggle(id: Id)\\n    Delete(id: Id)\",\n\"    Toggle(id: Id)\\n    Delete(id: Id)\\n    Authenticate(token: secret[Str])\").replace(\"        case Delete(id):\\n            return if_owned(s, p, id, [Deleted(id=id)])\",\n\"        case Delete(id):\\n            return if_owned(s, p, id, [Deleted(id=id)])\\n        case Authenticate(token):\\n            return Err(error=BlankText)\"))"
---
error[B0410]: `Command` is what clients send, so it must be Sendable
  --> t.beck:126:1
    |
126 | proposals: Stream[Proposal] = merge_clients()
    | ^^^^^^^^^^^^^^^^^^^^^^^^^^^^^^^^^^^^^^^^^^^^^ `secret[Str]` reaches it at `Command.Authenticate.token`
    |
  = note: `secret[T]` is deliberately not Sendable: that is the whole mechanism
  = note: a command is minted in the browser: a secret in one would be a secret the browser already had
