---
source: crates/beck-cli/tests/ui.rs
expression: "render(&format!(\"{}\\ntest \\\"a fixture, not a log\\\":\\n    given [1, 2, 3]\\n\",\nBASE))"
---
error[B0320]: list element mismatch: expected `Event`, found `Int`
  --> t.beck:194:12
    |
194 |     given [1, 2, 3]
    |            ^
    |

error[B0320]: list element mismatch: expected `Event`, found `Int`
  --> t.beck:194:15
    |
194 |     given [1, 2, 3]
    |               ^
    |

error[B0320]: list element mismatch: expected `Event`, found `Int`
  --> t.beck:194:18
    |
194 |     given [1, 2, 3]
    |                  ^
    |
